// Jest Snapshot v1, https://goo.gl/fbAQLP

exports[`EditorHeader component renders as expected 1`] = `
<DocumentFragment>
  <div
    class="creation-view-yaml-header"
  >
    <div
      class="creation-view-yaml-header-toolbar"
      role="region"
    />
    <div
      class="creation-view-yaml-header-tabs"
    >
      <nav
        aria-label="Select template"
        class="tf--tabs"
        role="navigation"
      >
        <ul
          class="tf--tabs__nav"
          role="tablist"
        >
          <li
            class="tf--tabs__nav-item tf--tabs__nav-item--selected"
            id="main"
            role="presentation"
            tabindex="-1"
          >
            <a
              aria-selected="true"
              class="tf--tabs__nav-link"
              href="#"
              role="tab"
              tabindex="0"
            >
              application
            </a>
          </li>
        </ul>
      </nav>
      <div
        class="creation-view-yaml-header-secrets"
      >
        <div
          class="pf-v6-c-check pf-m-standalone"
        >
          <input
            aria-invalid="false"
            aria-label="show-secrets"
            class="pf-v6-c-check__input"
            data-ouia-component-id="OUIA-Generated-Checkbox-:r1:"
            data-ouia-component-type="PF6/Checkbox"
            data-ouia-safe="true"
            id="show-secrets"
            type="checkbox"
          />
        </div>
        <div />
      </div>
      <div
        class="pf-v6-c-clipboard-copy pf-m-inline pf-m-block"
        data-ouia-component-type="PF6/ClipboardCopy"
        data-ouia-safe="true"
      >
        <span
          class="pf-v6-c-clipboard-copy__text"
          id="text-input-:r2:"
        />
        <span
          class="pf-v6-c-clipboard-copy__actions"
        >
          <span
            class="pf-v6-c-clipboard-copy__actions-item"
          >
            <button
              aria-label="Copy to clipboard"
              class="pf-v6-c-button pf-m-plain pf-m-no-padding"
              data-ouia-component-id="OUIA-Generated-Button-plain-:r4:"
              data-ouia-component-type="PF6/Button"
              data-ouia-safe="true"
              id="copy-button-:r2:"
              type="button"
            >
              <span
                class="pf-v6-c-button__icon"
              >
                <svg
                  aria-hidden="true"
                  class="pf-v6-svg"
                  fill="currentColor"
                  height="1em"
                  role="img"
                  viewBox="0 0 32 32"
                  width="1em"
                >
                  <path
                    d="M28 7v22.607c0 .768-.622 1.393-1.387 1.393H10a1 1 0 1 1 0-2h16V7a1 1 0 1 1 2 0Zm-5.25 17.5v-22c0-.689-.561-1.25-1.25-1.25h-8.375v7.364c0 .833-.678 1.511-1.512 1.511H4.25V24.5c0 .689.561 1.25 1.25 1.25h16c.689 0 1.25-.561 1.25-1.25ZM10.875 1.275a.738.738 0 0 0-.405.195l-6 6a.738.738 0 0 0-.195.405h6.6v-6.6Z"
                  />
                </svg>
              </span>
            </button>
          </span>
        </span>
      </div>
    </div>
  </div>
</DocumentFragment>
`;
