// Jest Snapshot v1, https://goo.gl/fbAQLP

exports[`DetailsOverviewPage Should correctly return empty date 1`] = `"-"`;

exports[`DetailsOverviewPage Should correctly return getDate 1`] = `
<div
  style={
    Object {
      "alignItems": "baseline",
      "display": "flex",
    }
  }
>
  <GlobeAmericasIcon
    color="currentColor"
    noVerticalAlign={false}
    size="sm"
    style={
      Object {
        "marginRight": "5px",
      }
    }
  />
  <Tooltip
    content={
      Array [
        <span
          className="co-nowrap"
        >
          Oct 31, 2022, 11:34 AM UTC
        </span>,
      ]
    }
  >
    <span
      data-test="timestamp"
    >
      Oct 31, 2022, 7:34 AM
    </span>
  </Tooltip>
</div>
`;
