// Jest Snapshot v1, https://goo.gl/fbAQLP

exports[`GetHostedCard Return card data - Hypershift enabled 1`] = `
{
  "alertContent": <a
    href="https://docs.redhat.com/en/documentation/openshift_container_platform/4.22/html-single/hosted_control_planes/hosted-control-planes-overview#hcp-enable-manual_hcp-enable-disable"
    rel="noopener noreferrer"
    target="_blank"
  >
    View documentation
     
    <ExternalLinkAltIcon />
  </a>,
  "alertTitle": undefined,
  "alertVariant": "info",
  "id": "hosted",
  "items": [
    {
      "description": "Run an OpenShift cluster where the control plane is decoupled from the data plane, and is treated like a multi-tenant workload on a hosting service cluster. The data plane is on a separate network domain that allows segmentation between management and workload traffic.",
      "type": "description",
    },
    {
      "icon": <Icon
        status="success"
      >
        <CheckIcon />
      </Icon>,
      "items": [
        {
          "text": "Reduces costs by efficiently reusing an OpenShift cluster to host multiple control planes.",
        },
        {
          "text": "Quickly provisions clusters.",
        },
      ],
      "title": "",
      "type": "list",
    },
  ],
  "onClick": [Function],
  "title": "Hosted",
}
`;
