// Jest Snapshot v1, https://goo.gl/fbAQLP

exports[`Searchbar tests convertStringToTags correctly returns an array of tags 1`] = `
[
  {
    "id": "kind:Pod",
    "name": "kind:Pod",
  },
  {
    "id": "name:testPod",
    "name": "name:testPod",
  },
]
`;

exports[`Searchbar tests convertStringToTags correctly returns an empty array when searchText is empty 1`] = `[]`;

exports[`Searchbar tests getNoFilterText correctly returns correct key:value & keyword hint 1`] = `"Search by {{inputValue}} with applied filters"`;

exports[`Searchbar tests getNoFilterText correctly returns correct keyword search hint 1`] = `"Search by {{inputValue}}"`;

exports[`Searchbar tests getNoFilterText correctly returns correct multi key:value hint 1`] = `"Search with applied filters"`;

exports[`Searchbar tests getNoFilterText correctly returns correct multi keyword hint 1`] = `"Search with applied keywords"`;

exports[`Searchbar tests getNoFilterText correctly returns correct single key:value hint 1`] = `"Search by {{currentQuery}}{{inputValue}}"`;
