// Jest Snapshot v1, https://goo.gl/fbAQLP

exports[`validation compileAJVSchemas - returns properly 1`] = `
Array [
  Object {
    "required": 1,
    "type": "Policy",
    "validator": [Function],
  },
  Object {
    "required": undefined,
    "type": "Placement",
    "validator": [Function],
  },
  Object {
    "required": undefined,
    "type": "PlacementRule",
    "validator": [Function],
  },
  Object {
    "required": undefined,
    "type": "PlacementBinding",
    "validator": [Function],
  },
]
`;
